// Jest Snapshot v1, https://goo.gl/fbAQLP

exports[`test on PrimeraApp should show PrimeraApp correct 1`] = `
<Fragment>
  <h1>
    hola soy goku
  </h1>
  <p>
    Soy un subtitulo
  </p>
</Fragment>
`;
